
> @props-analyzer/worker@0.0.0 upload-images-s3 /Users/khoa/Documents/props/props-analyzer/apps/worker
> node upload-images-to-s3.mjs

Processing 575 player images...
Uploading to Supabase bucket: nba-assets

Downloading image for A.J. Green (38017733)...
Downloading image for Aaron Gordon (177)...
Downloading image for Aaron Holiday (213)...
Downloading image for Aaron Nesmith (3547250)...
  Uploading to S3...
  Uploading to S3...
  Uploading to S3...
  Uploading to S3...
  ✗ Failed: Upload failed: 400 {"statusCode":"409","error":"Duplicate","message":"The resource already exists"}
Downloading image for Aaron Wiggins (17896078)...
  ✗ Failed: Upload failed: 400 {"statusCode":"409","error":"Duplicate","message":"The resource already exists"}
Downloading image for Adam Flagler (436846673)...
  Uploading to S3...
  ✗ Failed: Upload failed: 400 {"statusCode":"409","error":"Duplicate","message":"The resource already exists"}
Downloading image for Aday Mara (1091351965)...
  Uploading to S3...
  Uploading to S3...
  ✗ Failed: Upload failed: 400 {"statusCode":"409","error":"Duplicate","message":"The resource already exists"}
Downloading image for Adem Bona (1028034846)...
  ✗ Failed: Upload failed: 400 {"statusCode":"409","error":"Duplicate","message":"The resource already exists"}
Downloading image for Adou Thiero (1057386376)...
  Uploading to S3...
  Uploading to S3...
  ✗ Failed: Upload failed: 400 {"statusCode":"409","error":"Duplicate","message":"The resource already exists"}
Downloading image for Airious Bailey (1057260888)...
  ✗ Failed: Upload failed: 400 {"statusCode":"409","error":"Duplicate","message":"The resource already exists"}
Downloading image for AJ Dybantsa (1091340077)...
  Uploading to S3...
  Uploading to S3...
  ✗ Failed: Upload failed: 400 {"statusCode":"409","error":"Duplicate","message":"The resource already exists"}
Downloading image for AJ Johnson (1028026717)...
  Uploading to S3...
  ✗ Failed: Upload failed: 400 {"statusCode":"409","error":"Duplicate","message":"The resource already exists"}
Downloading image for AJ Lawson (17554004)...
  Uploading to S3...
  ✗ Failed: Upload failed: 400 {"statusCode":"409","error":"Duplicate","message":"The resource already exists"}
Downloading image for Ajay Mitchell (1028037477)...
  ✗ Failed: Upload failed: 400 {"statusCode":"409","error":"Duplicate","message":"The resource already exists"}
Downloading image for AK Okereke (1091906694)...
  Uploading to S3...
  ✗ Failed: HTTP 404
Downloading image for Al Horford (219)...
  ✗ Failed: Upload failed: 400 {"statusCode":"409","error":"Duplicate","message":"The resource already exists"}
Downloading image for Alex Antetokounmpo (1060010671)...
  Updating database...
  Uploading to S3...
  Updating database...
  ✗ Failed: HTTP 404
Downloading image for Alex Caruso (89)...
  Uploading to S3...
  Updating database...
  ✗ Failed: DB update failed: 401
Downloading image for Alex Karaban (1091361855)...
  ✗ Failed: DB update failed: 400
Downloading image for Alex Morales (1028271147)...
  ✗ Failed: DB update failed: 400
Downloading image for Alexandre Sarr (1028028405)...
  Uploading to S3...
  Updating database...
  Uploading to S3...
  Uploading to S3...
  ✗ Failed: DB update failed: 400
Downloading image for Alijah Martin (1057389862)...
  Updating database...
  Updating database...
  Uploading to S3...
  Updating database...
  ✗ Failed: DB update failed: 400
Downloading image for Allen Graves (1091350801)...
  ✗ Failed: DB update failed: 400
Downloading image for Alperen Sengun (17896062)...
  ✗ Failed: DB update failed: 400
Downloading image for Alpha Diallo (1092288834)...
  Updating database...
  Uploading to S3...
  Uploading to S3...
  ✗ Failed: HTTP 404
Downloading image for Amari Williams (1057396966)...
  ✗ Failed: DB update failed: 400
Downloading image for Amen Thompson (56677825)...
  Updating database...
  Uploading to S3...
  Updating database...
  ✗ Failed: DB update failed: 400
Downloading image for Amir Coffey (666511)...
  Uploading to S3...
  ✗ Failed: DB update failed: 400
Downloading image for Andre Drummond (137)...
  Updating database...
  Uploading to S3...
  ✗ Failed: DB update failed: 400
Downloading image for Andre Jackson Jr. (56677852)...
  Uploading to S3...
  Updating database...
  Updating database...
  ✗ Failed: DB update failed: 400
Downloading image for Andrew Nembhard (38017507)...
  Uploading to S3...
  ✗ Failed: DB update failed: 400
Downloading image for Andrew Wiggins (475)...
  Uploading to S3...
  Uploading to S3...
  Updating database...
  ✗ Failed: DB update failed: 400
Downloading image for Anfernee Simons (419)...
  Updating database...
  Updating database...
  Updating database...
  Uploading to S3...
  ✗ Failed: DB update failed: 400
Downloading image for Anthony Black (56677827)...
  ✗ Failed: DB update failed: 400
Downloading image for Anthony Davis (117)...
  ✗ Failed: DB update failed: 400
Downloading image for Anthony Edwards (3547238)...
  Uploading to S3...
  Uploading to S3...
  Updating database...
  Uploading to S3...
  ✗ Failed: DB update failed: 400
Downloading image for Anthony Gill (3547302)...
  Updating database...
  Updating database...
  ✗ Failed: DB update failed: 400
Downloading image for Antonio Reeves (1028038100)...
  Updating database...
  ✗ Failed: DB update failed: 400
Downloading image for Ariel Hukporti (1028046422)...
  Uploading to S3...
  Uploading to S3...
  ✗ Failed: DB update failed: 400
Downloading image for Asa Newell (1057279093)...
  Uploading to S3...
  Uploading to S3...
  Updating database...
  Updating database...
  Updating database...
  ✗ Failed: DB update failed: 400
Downloading image for Ausar Thompson (56677826)...
  Uploading to S3...
  Updating database...
  ✗ Failed: DB update failed: 400
Downloading image for Austin Reaves (17553995)...
  ✗ Failed: DB update failed: 400
Downloading image for Ayo Dosunmu (17895983)...
  ✗ Failed: DB update failed: 400
Downloading image for Baba Miller (1091465658)...
  Updating database...
  Uploading to S3...
  Uploading to S3...
  ✗ Failed: DB update failed: 400
Downloading image for Bam Adebayo (4)...
  Uploading to S3...
  Updating database...
  Updating database...
  Uploading to S3...
  ✗ Failed: DB update failed: 400
Downloading image for Baylor Scheierman (1028028434)...
  Uploading to S3...
  ✗ Failed: DB update failed: 400
Downloading image for Ben Saraf (1057279760)...
  Updating database...
  Updating database...
  ✗ Failed: DB update failed: 400
Downloading image for Ben Sheppard (56677861)...
  Uploading to S3...
  Updating database...
  ✗ Failed: DB update failed: 400
Downloading image for Bennedict Mathurin (38017686)...
  Uploading to S3...
  ✗ Failed: DB update failed: 400
Downloading image for Bennett Stirtz (1091353486)...
  Uploading to S3...
  Uploading to S3...
  Updating database...
  Updating database...
  ✗ Failed: DB update failed: 400
Downloading image for Bez Mbeng (1059992972)...
  Updating database...
  ✗ Failed: DB update failed: 400
Downloading image for Bilal Coulibaly (56677844)...
  Updating database...
  Uploading to S3...
  ✗ Failed: HTTP 404
Downloading image for Bismack Biyombo (48)...
  ✗ Failed: DB update failed: 400
Downloading image for Blake Hinson (1028214958)...
  ✗ Failed: DB update failed: 400
Downloading image for Blake Wesley (38017693)...
  Uploading to S3...
  Updating database...
  Uploading to S3...
  Uploading to S3...
  Updating database...
  ✗ Failed: DB update failed: 400
Downloading image for Bobby Portis (377)...
  Updating database...
  ✗ Failed: DB update failed: 400
Downloading image for Bogdan Bogdanovic (53)...
  Updating database...
  Uploading to S3...
  ✗ Failed: DB update failed: 400
Downloading image for Bogoljub Marković (1057394921)...
  Uploading to S3...
  ✗ Failed: DB update failed: 400
Downloading image for Braden Smith (1091466792)...
  ✗ Failed: HTTP 404
Downloading image for Bradley Beal (37)...
  Updating database...
  Uploading to S3...
  Updating database...
  ✗ Failed: DB update failed: 400
Downloading image for Branden Carlson (1028218679)...
  Uploading to S3...
  Uploading to S3...
  ✗ Failed: DB update failed: 400
Downloading image for Brandin Podziemski (56677858)...
  Uploading to S3...
  Updating database...
  Updating database...
  Updating database...
  ✗ Failed: DB update failed: 400
Downloading image for Brandon Ingram (227)...
  Updating database...
  ✗ Failed: DB update failed: 400
Downloading image for Brandon Miller (56677823)...
  ✗ Failed: DB update failed: 400
Downloading image for Brandon Williams (24489167)...
  Uploading to S3...
  Uploading to S3...
  ✗ Failed: DB update failed: 400
Downloading image for Brayden Burries (1091349754)...
  Uploading to S3...
  Updating database...
  Uploading to S3...
  Updating database...
  Updating database...
  ✗ Failed: DB update failed: 400
Downloading image for Brice Sensabaugh (56677842)...
  ✗ Failed: DB update failed: 400
Downloading image for Bronny James (1028046517)...
  ✗ Failed: DB update failed: 400
Downloading image for Brook Lopez (283)...
  Updating database...
  Uploading to S3...
  Uploading to S3...
  ✗ Failed: DB update failed: 400
Downloading image for Brooks Barnhizer (1057392335)...
  Uploading to S3...
  Updating database...
  Uploading to S3...
  ✗ Failed: DB update failed: 400
Downloading image for Bruce Brown (69)...
  Updating database...
  Updating database...
  Updating database...
  ✗ Failed: DB update failed: 400
Downloading image for Bruce Thornton (1091467104)...
  Uploading to S3...
  ✗ Failed: DB update failed: 400
Downloading image for Bryce Hopkins (1091464608)...
  Uploading to S3...
  Uploading to S3...
  ✗ Failed: DB update failed: 400
Downloading image for Bryce McGowens (38017708)...
  Updating database...
  Updating database...
  Uploading to S3...
  ✗ Failed: DB update failed: 400
Downloading image for Buddy Hield (210)...
  ✗ Failed: DB update failed: 400
Downloading image for Cade Cunningham (17896075)...
  Uploading to S3...
  Uploading to S3...
  Updating database...
  ✗ Failed: DB update failed: 400
Downloading image for Caleb Love (1057847330)...
  Uploading to S3...
  Updating database...
  Updating database...
  ✗ Failed: DB update failed: 400
Downloading image for Caleb Martin (666747)...
  ✗ Failed: DB update failed: 400
Downloading image for Caleb Wilson (1091343852)...
  Updating database...
  ✗ Failed: DB update failed: 400
Downloading image for Cam Christie (1028035215)...
  Uploading to S3...
  Uploading to S3...
  Uploading to S3...
  Updating database...
  Updating database...
  Updating database...
  ✗ Failed: DB update failed: 400
Downloading image for Cam Spencer (1028048549)...
  Updating database...
  ✗ Failed: DB update failed: 400
Downloading image for Cam Whitmore (56677831)...
  ✗ Failed: DB update failed: 400
Downloading image for Cameron Boozer (1091339280)...
  ✗ Failed: DB update failed: 400
Downloading image for Cameron Carr (1091349831)...
  Uploading to S3...
  Uploading to S3...
  Uploading to S3...
  Uploading to S3...
  Updating database...
  Updating database...
  Updating database...
  ✗ Failed: DB update failed: 400
Downloading image for Cameron Johnson (666679)...
  ✗ Failed: DB update failed: 400
Downloading image for Caris LeVert (277)...
  ✗ Failed: DB update failed: 400
Downloading image for Carlton Carrington (1028025235)...
  Updating database...
  Uploading to S3...
  Uploading to S3...
  ✗ Failed: DB update failed: 400
Downloading image for Carter Bryant (1057271360)...
  Uploading to S3...
  Updating database...
  Uploading to S3...
  Updating database...
  Updating database...
  ✗ Failed: DB update failed: 400
Downloading image for Cason Wallace (56677833)...
  ✗ Failed: DB update failed: 400
Downloading image for Cedric Coward (1057266649)...
  Uploading to S3...
  ✗ Failed: DB update failed: 400
Downloading image for Chaney Johnson (1057846840)...
  Uploading to S3...
  Updating database...
  ✗ Failed: DB update failed: 400
Downloading image for Charles Bassey (17895854)...
  Uploading to S3...
  Updating database...
  Updating database...
  ✗ Failed: DB update failed: 400
Downloading image for Chaz Lanier (1057389625)...
  Uploading to S3...
  Updating database...
  ✗ Failed: DB update failed: 400
Downloading image for Chet Holmgren (38017685)...
  Uploading to S3...
  ✗ Failed: DB update failed: 400
Downloading image for Chris Cenac Jr. (1091360181)...
  Uploading to S3...
  Updating database...
  Uploading to S3...
  ✗ Failed: DB update failed: 400
Downloading image for Chris Mañon (1057847504)...
  Updating database...
  Updating database...
  Updating database...
  Uploading to S3...
  ✗ Failed: DB update failed: 400
Downloading image for Chris Youngblood (1057849685)...
  ✗ Failed: DB update failed: 400
Downloading image for Christian Anderson (1091349204)...
  ✗ Failed: DB update failed: 400
Downloading image for Christian Braun (38017709)...
  Uploading to S3...
  Updating database...
  Uploading to S3...
  Uploading to S3...
  ✗ Failed: DB update failed: 400
Downloading image for Christian Koloko (38017710)...
  Uploading to S3...
  Updating database...
  Updating database...
  ✗ Failed: DB update failed: 400
Downloading image for Chucky Hepburn (1057846535)...
  Updating database...
  Updating database...
  ✗ Failed: DB update failed: 400
Downloading image for CJ Huntley (1057846700)...
  ✗ Failed: DB update failed: 400
Downloading image for CJ McCollum (303)...
  Uploading to S3...
  ✗ Failed: DB update failed: 400
Downloading image for Clint Capela (83)...
  Uploading to S3...
  Uploading to S3...
  Uploading to S3...
  Updating database...
  Updating database...
  ✗ Failed: DB update failed: 400
Downloading image for Coby White (666956)...
  ✗ Failed: DB update failed: 400
Downloading image for Cody Williams (1028029291)...
  Updating database...
  Uploading to S3...
  Updating database...
  ✗ Failed: DB update failed: 400
Downloading image for Colin Castleton (56677738)...
  Uploading to S3...
  Updating database...
  Uploading to S3...
  ✗ Failed: DB update failed: 400
Downloading image for Collin Gillespie (38017727)...
  ✗ Failed: DB update failed: 400
Downloading image for Collin Murray-Boyles (1057268940)...
  Uploading to S3...
  Updating database...
  Uploading to S3...
  Updating database...
  ✗ Failed: DB update failed: 400
Downloading image for Collin Sexton (413)...
  ✗ Failed: DB update failed: 400
Downloading image for Cooper Flagg (1057262088)...
  Updating database...
  ✗ Failed: DB update failed: 400
Downloading image for Corey Kispert (17896045)...
  Uploading to S3...
  Uploading to S3...
  Updating database...
  Uploading to S3...
  ✗ Failed: DB update failed: 400
Downloading image for Cormac Ryan (1028266882)...
  Uploading to S3...
  Updating database...
  Updating database...
  ✗ Failed: DB update failed: 400
Downloading image for Craig Porter (56677872)...
  ✗ Failed: DB update failed: 400
Downloading image for Curtis Jones (1057846921)...
  Updating database...
  Uploading to S3...
  ✗ Failed: DB update failed: 400
Downloading image for D'Angelo Russell (405)...
  Uploading to S3...
  Uploading to S3...
  Updating database...
  Updating database...
  ✗ Failed: DB update failed: 400
Downloading image for Daeqwon Plowden (1028246478)...
  Updating database...
  Updating database...
  ✗ Failed: DB update failed: 400
Downloading image for Dailyn Swain (1091353537)...
  ✗ Failed: DB update failed: 400
Downloading image for Dalen Terry (38017719)...
  Uploading to S3...
  Uploading to S3...
  ✗ Failed: DB update failed: 400
Downloading image for Dalton Knecht (1028026974)...
  Uploading to S3...
  Uploading to S3...
  Updating database...
  Updating database...
  Updating database...
  ✗ Failed: DB update failed: 400
Downloading image for Daniel Gafford (666577)...
  ✗ Failed: DB update failed: 400
Downloading image for Daniss Jenkins (1028240128)...
  ✗ Failed: DB update failed: 400
Downloading image for Danny Wolf (1057280779)...
  Uploading to S3...
  Uploading to S3...
  Updating database...
  Uploading to S3...
  ✗ Failed: DB update failed: 400
Downloading image for Darius Acuff Jr. (1091338860)...
  Updating database...
  Updating database...
  Uploading to S3...
  Updating database...
  ✗ Failed: DB update failed: 400
Downloading image for Darius Garland (666581)...
  ✗ Failed: DB update failed: 400
Downloading image for DaRon Holmes II (1028026514)...
  ✗ Failed: DB update failed: 400
Downloading image for Darryn Peterson (1091342427)...
  Uploading to S3...
  Uploading to S3...
  Uploading to S3...
  Updating database...
  Updating database...
  Updating database...
  Updating database...
  ✗ Failed: DB update failed: 400
Downloading image for David Roddy (38017729)...
  ✗ Failed: DB update failed: 400
Downloading image for Davion Mitchell (17553994)...
  ✗ Failed: DB update failed: 400
Downloading image for Day'Ron Sharpe (17896038)...
  ✗ Failed: DB update failed: 400
Downloading image for De'Aaron Fox (161)...
  Uploading to S3...
  Uploading to S3...
  Uploading to S3...
  Updating database...
  Updating database...
  ✗ Failed: DB update failed: 400
Downloading image for De'Andre Hunter (666656)...
  Uploading to S3...
  Updating database...
  ✗ Failed: DB update failed: 400
Downloading image for De'Anthony Melton (313)...
  ✗ Failed: DB update failed: 400
Downloading image for Dean Wade (666940)...
  Uploading to S3...
  Uploading to S3...
  Uploading to S3...
  Updating database...
  ✗ Failed: DB update failed: 400
Downloading image for Deandre Ayton (22)...
  Updating database...
  Updating database...
  Uploading to S3...
  ✗ Failed: DB update failed: 400
Downloading image for DeAndre Jordan (250)...
  Updating database...
  ✗ Failed: DB update failed: 400
Downloading image for Dejounte Murray (334)...
  Uploading to S3...
  ✗ Failed: DB update failed: 400
Downloading image for Deni Avdija (3547242)...
  Uploading to S3...
  Updating database...
  Updating database...
  Uploading to S3...
  ✗ Failed: DB update failed: 400
Downloading image for Dennis Schroder (409)...
  Updating database...
  ✗ Failed: DB update failed: 400
Downloading image for Dereck Lively II (56677840)...
  ✗ Failed: DB update failed: 400
Downloading image for Derik Queen (1057274415)...
  Uploading to S3...
  Updating database...
  Uploading to S3...
  Uploading to S3...
  ✗ Failed: DB update failed: 400
Downloading image for Derrick Jones Jr. (247)...
  Updating database...
  Updating database...
  Uploading to S3...
  ✗ Failed: DB update failed: 400
Downloading image for Derrick White (473)...
  Updating database...
  ✗ Failed: DB update failed: 400
Downloading image for Desmond Bane (3547287)...
  Uploading to S3...
  ✗ Failed: DB update failed: 400
Downloading image for Devin Booker (57)...
  Uploading to S3...
  Updating database...
  Uploading to S3...
  ✗ Failed: DB update failed: 400
Downloading image for Devin Carter (1028025242)...
  Updating database...
  Updating database...
  ✗ Failed: DB update failed: 400
Downloading image for Devin Vassell (3547246)...
  Uploading to S3...
  ✗ Failed: DB update failed: 400
Downloading image for Dillon Brooks (66)...
  Uploading to S3...
  Uploading to S3...
  Updating database...
  Updating database...
  Updating database...
  ✗ Failed: DB update failed: 400
Downloading image for Dillon Jones (1028026812)...
  Updating database...
  ✗ Failed: DB update failed: 400
Downloading image for Dillon Mitchell (1091465698)...
  ✗ Failed: DB update failed: 400
Downloading image for Domantas Sabonis (406)...
  Uploading to S3...
  Uploading to S3...
  ✗ Failed: DB update failed: 400
Downloading image for Dominick Barlow (38017730)...
  Uploading to S3...
  Uploading to S3...
  Updating database...
  Updating database...
  ✗ Failed: DB update failed: 400
Downloading image for Donovan Clingan (1028025344)...
  Updating database...
  ✗ Failed: DB update failed: 400
Downloading image for Donovan Mitchell (322)...
  Updating database...
  ✗ Failed: DB update failed: 400
Downloading image for Donte DiVincenzo (131)...
  Uploading to S3...
  Uploading to S3...
  ✗ Failed: DB update failed: 400
Downloading image for Dorian Finney-Smith (158)...
  Uploading to S3...
  Uploading to S3...
  Updating database...
  Updating database...
  Updating database...
  Updating database...
  ✗ Failed: DB update failed: 400
Downloading image for Doug McDermott (305)...
  ✗ Failed: DB update failed: 400
Downloading image for Drake Powell (1057279425)...
  ✗ Failed: DB update failed: 400
Downloading image for Draymond Green (185)...
  ✗ Failed: DB update failed: 400
Downloading image for Drew Eubanks (147)...
  Uploading to S3...
  Uploading to S3...
  Uploading to S3...
  Uploading to S3...
  Updating database...
  Updating database...
  Updating database...
  ✗ Failed: DB update failed: 400
Downloading image for Dru Smith (19465585)...
  ✗ Failed: DB update failed: 400
Downloading image for Duke Miles (1092197212)...
  ✗ Failed: DB update failed: 400
Downloading image for Duncan Robinson (397)...
  Updating database...
  Uploading to S3...
  ✗ Failed: DB update failed: 400
Downloading image for Dwight Powell (379)...
  Uploading to S3...
  ✗ Failed: HTTP 404
Downloading image for Dylan Cardwell (1057845274)...
  Uploading to S3...
  Updating database...
  Uploading to S3...
  Updating database...
  ✗ Failed: DB update failed: 400
Downloading image for Dylan Harper (1057262518)...
  Updating database...
  ✗ Failed: DB update failed: 400
Downloading image for Dyson Daniels (38017677)...
  Uploading to S3...
  ✗ Failed: DB update failed: 400
Downloading image for E.J. Liddell (38017663)...
  Updating database...
  Uploading to S3...
  ✗ Failed: DB update failed: 400
Downloading image for Ebuka Okorie (1091352549)...
  Updating database...
  Uploading to S3...
  Updating database...
  Uploading to S3...
  ✗ Failed: DB update failed: 400
Downloading image for Egor Demin (1057266813)...
  ✗ Failed: DB update failed: 400
Downloading image for Elijah Harkless (1028264794)...
  Updating database...
  Uploading to S3...
  Updating database...
  ✗ Failed: DB update failed: 400
Downloading image for Emanuel Sharp (1091466685)...
  Uploading to S3...
  ✗ Failed: DB update failed: 400
Downloading image for Enrique Freeman (1028045812)...
  Uploading to S3...
  Updating database...
  Uploading to S3...
  ✗ Failed: DB update failed: 400
Downloading image for Ernest Udeh, Jr. (1091907917)...
  Updating database...
  ✗ Failed: DB update failed: 400
Downloading image for Ethan Thompson (17896117)...
  ✗ Failed: HTTP 404
Downloading image for Evan Mobley (17896076)...
  Updating database...
  Uploading to S3...
  Uploading to S3...
  ✗ Failed: DB update failed: 400
Downloading image for Felix Okpara (1091465991)...
  Updating database...
  Updating database...
  ✗ Failed: DB update failed: 400
Downloading image for Franz Wagner (17896026)...
  Uploading to S3...
  Updating database...
  ✗ Failed: DB update failed: 400
Downloading image for Gabe Vincent (1603383)...
  Uploading to S3...
  Uploading to S3...
  ✗ Failed: DB update failed: 400
Downloading image for Gary Harris (196)...
  Uploading to S3...
  Updating database...
  Updating database...
  ✗ Failed: DB update failed: 400
Downloading image for Gary Payton II (2189)...
  Updating database...
  ✗ Failed: DB update failed: 400
Downloading image for Gary Trent Jr. (3089)...
  Updating database...
  ✗ Failed: DB update failed: 400
Downloading image for GG Jackson (56677830)...
  Uploading to S3...
  ✗ Failed: DB update failed: 400
Downloading image for Giannis Antetokounmpo (15)...
  Uploading to S3...
  Uploading to S3...
  Uploading to S3...
  Updating database...
  Updating database...
  Updating database...
  ✗ Failed: DB update failed: 400
Downloading image for Goga Bitadze (666442)...
  ✗ Failed: DB update failed: 400
Downloading image for Gradey Dick (56677828)...
  Updating database...
  ✗ Failed: DB update failed: 400
Downloading image for Grant Williams (666965)...
  Uploading to S3...
  Uploading to S3...
  Uploading to S3...
  ✗ Failed: DB update failed: 400
Downloading image for Grayson Allen (8)...
  Uploading to S3...
  Updating database...
  Updating database...
  ✗ Failed: DB update failed: 400
Downloading image for Gui Santos (57875092)...
  Updating database...
  ✗ Failed: DB update failed: 400
Downloading image for Hannes Steinbach (1091353463)...
  ✗ Failed: DB update failed: 400
Downloading image for Hansen Yang (1057275769)...
  Uploading to S3...
  Uploading to S3...
  Uploading to S3...
  Updating database...
  Updating database...
  ✗ Failed: DB update failed: 400
Downloading image for Harrison Barnes (30)...
  Updating database...
  ✗ Failed: DB update failed: 400
Downloading image for Harrison Ingram (1028046464)...
  Updating database...
  ✗ Failed: DB update failed: 400
Downloading image for Hayden Gray (1081266162)...
  Uploading to S3...
  Uploading to S3...
  ✗ Failed: DB update failed: 400
Downloading image for Haywood Highsmith (3092)...
  Updating database...
  ✗ Failed: HTTP 404
Downloading image for Henri Veesaar (1091477603)...
  Updating database...
  Uploading to S3...
  Uploading to S3...
  ✗ Failed: DB update failed: 400
Downloading image for Herbert Jones (17896024)...
  Uploading to S3...
  ✗ Failed: DB update failed: 400
Downloading image for Hugo González (1057277425)...
  Updating database...
  Updating database...
  Uploading to S3...
  ✗ Failed: DB update failed: 400
Downloading image for Hunter Dickinson (1057845705)...
  ✗ Failed: DB update failed: 400
Downloading image for Immanuel Quickley (3547269)...
  Uploading to S3...
  Uploading to S3...
  Updating database...
  Updating database...
  ✗ Failed: DB update failed: 400
Downloading image for Isaac Jones (1028205331)...
  Updating database...
  ✗ Failed: DB update failed: 400
Downloading image for Isaac Okoro (3547247)...
  Updating database...
  Uploading to S3...
  ✗ Failed: DB update failed: 400
Downloading image for Isaiah Collier (1028025362)...
  Uploading to S3...
  ✗ Failed: DB update failed: 400
Downloading image for Isaiah Crawford (1028203948)...
  Uploading to S3...
  Updating database...
  Uploading to S3...
  Updating database...
  ✗ Failed: DB update failed: 400
Downloading image for Isaiah Evans (1091463885)...
  Uploading to S3...
  ✗ Failed: DB update failed: 400
Downloading image for Isaiah Hartenstein (201)...
  Updating database...
  Updating database...
  Uploading to S3...
  Updating database...
  ✗ Failed: DB update failed: 400
Downloading image for Isaiah Jackson (17896035)...
  ✗ Failed: DB update failed: 400
Downloading image for Isaiah Joe (3547272)...
  Uploading to S3...
  Updating database...
  ✗ Failed: DB update failed: 400
Downloading image for Isaiah Livers (17896071)...
  Uploading to S3...
  ✗ Failed: DB update failed: 400
Downloading image for Isaiah Stevens (1028242168)...
  Uploading to S3...
  Updating database...
  Updating database...
  Uploading to S3...
  ✗ Failed: DB update failed: 400
Downloading image for Isaiah Stewart (3547267)...
  Updating database...
  ✗ Failed: DB update failed: 400
Downloading image for Ivica Zubac (493)...
  Uploading to S3...
  Uploading to S3...
  Updating database...
  ✗ Failed: DB update failed: 400
Downloading image for Izaiyah Nelson (1091465870)...
  ✗ Failed: DB update failed: 400
Downloading image for Ja Morant (666786)...
  Uploading to S3...
  Uploading to S3...
  Updating database...
  Updating database...
  ✗ Failed: DB update failed: 400
Downloading image for Ja'Kobe Walter (1028029111)...
  Updating database...
  Uploading to S3...
  Updating database...
  ✗ Failed: DB update failed: 400
Downloading image for Ja'Kobi Gillespie (1091464155)...
  ✗ Failed: DB update failed: 400
Downloading image for Jabari Smith Jr. (38017684)...
  ✗ Failed: DB update failed: 400
Downloading image for Jabari Walker (38017711)...
  Uploading to S3...
  Uploading to S3...
  Updating database...
  Uploading to S3...
  Updating database...
  Updating database...
  Updating database...
  ✗ Failed: DB update failed: 400
Downloading image for Jack Kayil (1091464994)...
  ✗ Failed: DB update failed: 400
Downloading image for Jaden Bradley (1091463018)...
  ✗ Failed: DB update failed: 400
Downloading image for Jaden Hardy (38017679)...
  Uploading to S3...
  ✗ Failed: DB update failed: 400
Downloading image for Jaden McDaniels (3547259)...
  Uploading to S3...
  ✗ Failed: HTTP 404
Downloading image for Jae'Sean Tate (3547301)...
  Uploading to S3...
  Uploading to S3...
  Updating database...
  Updating database...
  ✗ Failed: DB update failed: 400
Downloading image for Jahmai Mashack (1057394959)...
  ✗ Failed: DB update failed: 400
Downloading image for Jahmir Young (1028257937)...
  Uploading to S3...
  Updating database...
  Uploading to S3...
  Updating database...
  ✗ Failed: DB update failed: 400
Downloading image for Jaime Jaquez Jr. (56677785)...
  Uploading to S3...
  Updating database...
  ✗ Failed: DB update failed: 400
Downloading image for Jake LaRavia (38017728)...
  Updating database...
  ✗ Failed: DB update failed: 400
Downloading image for Jakob Poeltl (373)...
  Uploading to S3...
  Uploading to S3...
  Updating database...
  ✗ Failed: DB update failed: 400
Downloading image for Jalen Brunson (73)...
  Uploading to S3...
  ✗ Failed: DB update failed: 400
Downloading image for Jalen Duren (38017694)...
  Updating database...
  Updating database...
  Uploading to S3...
  Updating database...
  ✗ Failed: DB update failed: 400
Downloading image for Jalen Green (17895966)...
  ✗ Failed: DB update failed: 400
Downloading image for Jalen Johnson (17896040)...
  Uploading to S3...
  Updating database...
  Uploading to S3...
  ✗ Failed: DB update failed: 400
Downloading image for Jalen Pickett (56677582)...
  ✗ Failed: DB update failed: 400
Downloading image for Jalen Slawson (56677862)...
  Uploading to S3...
  Uploading to S3...
  Updating database...
  Updating database...
  ✗ Failed: DB update failed: 400
Downloading image for Jalen Smith (3547264)...
  ✗ Failed: DB update failed: 400
Downloading image for Jalen Suggs (17896073)...
  Updating database...
  Uploading to S3...
  Uploading to S3...
  ✗ Failed: DB update failed: 400
Downloading image for Jalen Williams (38017703)...
  Uploading to S3...
  Updating database...
  Updating database...
  Updating database...
  ✗ Failed: DB update failed: 400
Downloading image for Jalen Wilson (56677722)...
  ✗ Failed: DB update failed: 400
Downloading image for Jamal Cain (38017734)...
  ✗ Failed: DB update failed: 400
Downloading image for Jamal Murray (335)...
  Uploading to S3...
  Updating database...
  Uploading to S3...
  Uploading to S3...
  ✗ Failed: DB update failed: 400
Downloading image for Jamal Shead (1028038426)...
  Updating database...
  Uploading to S3...
  Updating database...
  ✗ Failed: DB update failed: 400
Downloading image for Jamaree Bouyea (44477062)...
  Updating database...
  Uploading to S3...
  ✗ Failed: DB update failed: 400
Downloading image for James Harden (192)...
  ✗ Failed: DB update failed: 400
Downloading image for Jamir Watkins (1057391756)...
  Uploading to S3...
  Updating database...
  Uploading to S3...
  Updating database...
  ✗ Failed: DB update failed: 400
Downloading image for Jamison Battle (1028243201)...
  Uploading to S3...
  Updating database...
  ✗ Failed: DB update failed: 400
Downloading image for Jarace Walker (56677832)...
  Updating database...
  ✗ Failed: DB update failed: 400
Downloading image for Jared McCain (1028027372)...
  Updating database...
  Uploading to S3...
  ✗ Failed: DB update failed: 400
Downloading image for Jaren Jackson Jr. (231)...
  Uploading to S3...
  Uploading to S3...
  ✗ Failed: DB update failed: 400
Downloading image for Jaron Pierre Jr. (1091481720)...
  Uploading to S3...
  Updating database...
  Updating database...
  ✗ Failed: DB update failed: 400
Downloading image for Jarred Vanderbilt (457)...
  ✗ Failed: DB update failed: 400
Downloading image for Jarrett Allen (9)...
  Updating database...
  Uploading to S3...
  Updating database...
  Uploading to S3...
  ✗ Failed: DB update failed: 400
Downloading image for Jase Richardson (1057279571)...
  Uploading to S3...
  ✗ Failed: DB update failed: 400
Downloading image for Javon Small (1057396260)...
  Updating database...
  Uploading to S3...
  Updating database...
  ✗ Failed: DB update failed: 400
Downloading image for Javonte Green (666604)...
  Updating database...
  ✗ Failed: DB update failed: 400
Downloading image for Jaxson Hayes (666626)...
  Uploading to S3...
  Updating database...
  Uploading to S3...
  ✗ Failed: DB update failed: 400
Downloading image for Jay Huff (17896103)...
  Uploading to S3...
  ✗ Failed: DB update failed: 400
Downloading image for Jayden Quaintance (1091352835)...
  Updating database...
  Uploading to S3...
  Updating database...
  ✗ Failed: DB update failed: 400
Downloading image for Jaylen Brown (70)...
  Uploading to S3...
  Updating database...
  ✗ Failed: DB update failed: 400
Downloading image for Jaylen Clark (56677851)...
  Uploading to S3...
  Updating database...
  ✗ Failed: DB update failed: 400
Downloading image for Jaylen Wells (1028039105)...
  Uploading to S3...
  ✗ Failed: DB update failed: 400
Downloading image for Jaylin Williams (38017706)...
  Updating database...
  Updating database...
  ✗ Failed: DB update failed: 400
Downloading image for Jaylon Tyson (1028028993)...
  ✗ Failed: DB update failed: 400
Downloading image for Jayson Kent (1076658911)...
  Updating database...
  Uploading to S3...
  Uploading to S3...
  ✗ Failed: HTTP 404
Downloading image for Jayson Tatum (434)...
  ✗ Failed: DB update failed: 400
Downloading image for JD Davison (38017707)...
  Uploading to S3...
  Updating database...
  Updating database...
  ✗ Failed: DB update failed: 400
Downloading image for Jeff Green (188)...
  Uploading to S3...
  ✗ Failed: DB update failed: 400
Downloading image for Jerami Grant (182)...
  Updating database...
  Uploading to S3...
  Uploading to S3...
  ✗ Failed: DB update failed: 400
Downloading image for Jeremiah Fears (1057267077)...
  Updating database...
  Uploading to S3...
  Updating database...
  ✗ Failed: DB update failed: 400
Downloading image for Jeremy Sochan (38017699)...
  Uploading to S3...
  ✗ Failed: DB update failed: 400
Downloading image for Jericho Sims (17896063)...
  Updating database...
  Updating database...
  ✗ Failed: DB update failed: 400
Downloading image for Jett Howard (56677839)...
  Uploading to S3...
  ✗ Failed: DB update failed: 400
Downloading image for Jevon Carter (87)...
  Uploading to S3...
  Updating database...
  Uploading to S3...
  ✗ Failed: DB update failed: 400
Downloading image for Jimmy Butler (79)...
  Updating database...
  Uploading to S3...
  Updating database...
  Updating database...
  ✗ Failed: DB update failed: 400
Downloading image for Joan Beringer (1057271099)...
  ✗ Failed: DB update failed: 400
Downloading image for Jock Landale (19465326)...
  ✗ Failed: DB update failed: 400
Downloading image for Joe Ingles (226)...
  Uploading to S3...
  Uploading to S3...
  Updating database...
  ✗ Failed: DB update failed: 400
Downloading image for Joel Embiid (145)...
  Updating database...
  Uploading to S3...
  Updating database...
  Uploading to S3...
  ✗ Failed: DB update failed: 400
Downloading image for John Collins (101)...
  ✗ Failed: DB update failed: 400
Downloading image for John Konchar (666703)...
  Uploading to S3...
  Uploading to S3...
  Updating database...
  Updating database...
  ✗ Failed: DB update failed: 400
Downloading image for John Poulakidas (1057848244)...
  ✗ Failed: DB update failed: 400
Downloading image for John Tonje (1057396603)...
  Updating database...
  Uploading to S3...
  Updating database...
  ✗ Failed: DB update failed: 400
Downloading image for Johni Broome (1057382509)...
  ✗ Failed: HTTP 404
Downloading image for Johnny Furphy (1028035897)...
  Uploading to S3...
  Uploading to S3...
  Updating database...
  ✗ Failed: DB update failed: 400
Downloading image for Jonathan Isaac (229)...
  Updating database...
  ✗ Failed: DB update failed: 400
Downloading image for Jonathan Kuminga (17553979)...
  Updating database...
  Uploading to S3...
  ✗ Failed: DB update failed: 400
Downloading image for Jonathan Mogbo (1028037494)...
  ✗ Failed: DB update failed: 400
Downloading image for Jordan Clarkson (100)...
  Uploading to S3...
  Updating database...
  Uploading to S3...
  ✗ Failed: DB update failed: 400
Downloading image for Jordan Goodwin (18678058)...
  Uploading to S3...
  Uploading to S3...
  Updating database...
  ✗ Failed: DB update failed: 400
Downloading image for Jordan Hawkins (56677837)...
  Updating database...
  Updating database...
  ✗ Failed: DB update failed: 400
Downloading image for Jordan McLaughlin (666767)...
  Uploading to S3...
  ✗ Failed: DB update failed: 400
Downloading image for Jordan Miller (56677856)...
  Uploading to S3...
  Updating database...
  Updating database...
  ✗ Failed: DB update failed: 400
Downloading image for Jordan Poole (666848)...
  Uploading to S3...
  Uploading to S3...
  ✗ Failed: DB update failed: 400
Downloading image for Jordan Walsh (56677864)...
  Uploading to S3...
  Updating database...
  Updating database...
  Updating database...
  ✗ Failed: DB update failed: 400
Downloading image for Jose Alvarado (17896097)...
  ✗ Failed: DB update failed: 400
Downloading image for Josh Dix (1091904395)...
  Updating database...
  ✗ Failed: DB update failed: 400
Downloading image for Josh Giddey (17896065)...
  Uploading to S3...
  ✗ Failed: DB update failed: 400
Downloading image for Josh Green (3547258)...
  ✗ Failed: HTTP 404
Downloading image for Josh Hart (202)...
  Uploading to S3...
  Uploading to S3...
  Updating database...
  Updating database...
  Updating database...
  ✗ Failed: DB update failed: 400
Downloading image for Josh Minott (38017715)...
  Uploading to S3...
  ✗ Failed: DB update failed: 400
Downloading image for Josh Oduro (1059059437)...
  ✗ Failed: DB update failed: 400
Downloading image for Josh Okogie (356)...
  Uploading to S3...
  ✗ Failed: HTTP 404
Downloading image for Joshua Jefferson (1091361657)...
  Updating database...
  Uploading to S3...
  ✗ Failed: DB update failed: 400
Downloading image for Jrue Holiday (214)...
  Uploading to S3...
  Updating database...
  Updating database...
  ✗ Failed: DB update failed: 400
Downloading image for Julian Champagnie (38017649)...
  Uploading to S3...
  ✗ Failed: DB update failed: 400
Downloading image for Julian Phillips (56677857)...
  Updating database...
  ✗ Failed: DB update failed: 400
Downloading image for Julian Reese (1060111739)...
  Updating database...
  Uploading to S3...
  Uploading to S3...
  ✗ Failed: DB update failed: 400
Downloading image for Julian Strawther (56677776)...
  Uploading to S3...
  Updating database...
  ✗ Failed: HTTP 404
Downloading image for Julius Randle (387)...
  Updating database...
  Uploading to S3...
  ✗ Failed: DB update failed: 400
Downloading image for Justin Champagnie (17896039)...
  ✗ Failed: DB update failed: 400
Downloading image for Justin Edwards (1028214238)...
  Uploading to S3...
  Updating database...
  Uploading to S3...
  Updating database...
  ✗ Failed: DB update failed: 400
Downloading image for Jusuf Nurkic (349)...
  Updating database...
  Uploading to S3...
  ✗ Failed: DB update failed: 400
Downloading image for K.J. Simpson (1028038474)...
  ✗ Failed: DB update failed: 400
Downloading image for Kam Jones (1057389374)...
  Updating database...
  Uploading to S3...
  Uploading to S3...
  Updating database...
  ✗ Failed: DB update failed: 400
Downloading image for Karim Lopez (1091351869)...
  ✗ Failed: DB update failed: 400
Downloading image for Karl-Anthony Towns (447)...
  ✗ Failed: HTTP 404
Downloading image for Karlo Matkovic (1028245777)...
  Updating database...
  Updating database...
  Uploading to S3...
  ✗ Failed: DB update failed: 400
Downloading image for Kasparas Jakučionis (1057272939)...
  ✗ Failed: DB update failed: 400
Downloading image for Kawhi Leonard (274)...
  Uploading to S3...
  Updating database...
  Uploading to S3...
  ✗ Failed: DB update failed: 400
Downloading image for Keaton Wagler (1091343544)...
  Uploading to S3...
  Updating database...
  Uploading to S3...
  ✗ Failed: DB update failed: 400
Downloading image for Keaton Wallace (45088184)...
  Updating database...
  ✗ Failed: DB update failed: 400
Downloading image for Keegan Murray (38017688)...
  Uploading to S3...
  Uploading to S3...
  Updating database...
  Updating database...
  Updating database...
  ✗ Failed: DB update failed: 400
Downloading image for Kel'el Ware (1028029127)...
  Uploading to S3...
  ✗ Failed: DB update failed: 400
Downloading image for Keldon Johnson (666682)...
  Updating database...
  ✗ Failed: DB update failed: 400
Downloading image for Kelly Olynyk (358)...
  Uploading to S3...
  ✗ Failed: DB update failed: 400
Downloading image for Kelly Oubre Jr. (360)...
  Updating database...
  Uploading to S3...
  Uploading to S3...
  Updating database...
  ✗ Failed: DB update failed: 400
Downloading image for Kenrich Williams (480)...
  ✗ Failed: DB update failed: 400
Downloading image for Kentavious Caldwell-Pope (81)...
  Uploading to S3...
  Updating database...
  Uploading to S3...
  ✗ Failed: DB update failed: 400
Downloading image for Keon Ellis (38017714)...
  Updating database...
  Uploading to S3...
  ✗ Failed: DB update failed: 400
Downloading image for Keshad Johnson (1028125584)...
  Updating database...
  Uploading to S3...
  ✗ Failed: DB update failed: 400
Downloading image for Keshon Gilbert (1057846172)...
  Updating database...
  ✗ Failed: DB update failed: 400
Downloading image for Kevin Durant (140)...
  Uploading to S3...
  Updating database...
  Uploading to S3...
  Updating database...
  ✗ Failed: DB update failed: 400
Downloading image for Kevin Huerter (221)...
  Updating database...
  ✗ Failed: DB update failed: 400
Downloading image for Kevin Love (285)...
  Updating database...
  Uploading to S3...
  ✗ Failed: DB update failed: 400
Downloading image for Kevin McCullar Jr. (1028047255)...
  ✗ Failed: DB update failed: 400
Downloading image for Kevin Porter Jr. (666849)...
  Uploading to S3...
  Uploading to S3...
  Updating database...
  Uploading to S3...
  ✗ Failed: DB update failed: 400
Downloading image for Kevon Looney (282)...
  Updating database...
  Uploading to S3...
  Updating database...
  ✗ Failed: DB update failed: 400
Downloading image for Keyonte George (56677834)...
  Updating database...
  ✗ Failed: DB update failed: 400
Downloading image for Khaman Maluach (1057268513)...
  Uploading to S3...
  ✗ Failed: DB update failed: 400
Downloading image for Khris Middleton (315)...
  Updating database...
  Uploading to S3...
  Uploading to S3...
  ✗ Failed: DB update failed: 400
Downloading image for Killian Hayes (3547241)...
  Updating database...
  ✗ Failed: DB update failed: 400
Downloading image for Kingston Flemings (1091340263)...
  Updating database...
  Uploading to S3...
  Uploading to S3...
  ✗ Failed: DB update failed: 400
Downloading image for Klay Thompson (443)...
  Updating database...
  Uploading to S3...
  Updating database...
  ✗ Failed: DB update failed: 400
Downloading image for Koa Peat (1091362981)...
  Updating database...
  Uploading to S3...
  ✗ Failed: DB update failed: 400
Downloading image for Kobe Brown (56677849)...
  Updating database...
  ✗ Failed: DB update failed: 400
Downloading image for Kobe Sanders (1057396055)...
  Uploading to S3...
  ✗ Failed: DB update failed: 400
Downloading image for Koby Brea (1057387526)...
  Uploading to S3...
  Uploading to S3...
  Updating database...
  Updating database...
  Updating database...
  ✗ Failed: DB update failed: 400
Downloading image for Kon Knueppel (1057263194)...
  ✗ Failed: DB update failed: 400
Downloading image for Kris Dunn (139)...
  Uploading to S3...
  Uploading to S3...
  ✗ Failed: DB update failed: 400
Downloading image for Kris Murray (56677791)...
  Updating database...
  Uploading to S3...
  Updating database...
  ✗ Failed: DB update failed: 400
Downloading image for Kristaps Porzingis (378)...
  Updating database...
  ✗ Failed: DB update failed: 400
Downloading image for Kyle Anderson (12)...
  Uploading to S3...
  Uploading to S3...
  ✗ Failed: DB update failed: 400
Downloading image for Kyle Filipowski (1028035794)...
  Updating database...
  Uploading to S3...
  ✗ Failed: DB update failed: 400
Downloading image for Kyle Kuzma (265)...
  Uploading to S3...
  Updating database...
  Updating database...
  Updating database...
  ✗ Failed: DB update failed: 400
Downloading image for Kyle Lowry (286)...
  ✗ Failed: DB update failed: 400
Downloading image for KyShawn George (1028026060)...
  Updating database...
  ✗ Failed: DB update failed: 400
Downloading image for Labaron Philon (1091352730)...
  Uploading to S3...
  Uploading to S3...
  ✗ Failed: DB update failed: 400
Downloading image for Lajae Jones (1091475281)...
  Uploading to S3...
  Uploading to S3...
  Updating database...
  Updating database...
  ✗ Failed: DB update failed: 400
Downloading image for LaMelo Ball (3547239)...
  ✗ Failed: DB update failed: 400
Downloading image for Landry Shamet (414)...
  Updating database...
  Uploading to S3...
  Updating database...
  Uploading to S3...
  ✗ Failed: DB update failed: 400
Downloading image for Larry Nance Jr. (340)...
  ✗ Failed: DB update failed: 400
Downloading image for Lauri Markkanen (297)...
  Uploading to S3...
  Uploading to S3...
  Updating database...
  ✗ Failed: DB update failed: 400
Downloading image for Leonard Miller (56677782)...
  Updating database...
  Updating database...
  Updating database...
  Uploading to S3...
  ✗ Failed: DB update failed: 400
Downloading image for Liam McNeeley (1057278805)...
  ✗ Failed: DB update failed: 400
Downloading image for Lindy Waters III (27924547)...
  ✗ Failed: DB update failed: 400
Downloading image for LJ Cryer (1057968644)...
  Uploading to S3...
  Uploading to S3...
  Uploading to S3...
  Updating database...
  Updating database...
  ✗ Failed: DB update failed: 400
Downloading image for Luguentz Dort (666541)...
  Updating database...
  Uploading to S3...
  Updating database...
  ✗ Failed: DB update failed: 400
Downloading image for Luka Doncic (132)...
  ✗ Failed: DB update failed: 400
Downloading image for Luka Garza (17896056)...
  Uploading to S3...
  ✗ Failed: DB update failed: 400
Downloading image for Luke Kennard (254)...
  Uploading to S3...
  Uploading to S3...
  Updating database...
  Updating database...
  ✗ Failed: DB update failed: 400
Downloading image for Luke Kornet (261)...
  Updating database...
  ✗ Failed: DB update failed: 400
Downloading image for Malevy Leons (1028265620)...
  Uploading to S3...
  ✗ Failed: DB update failed: 400
Downloading image for Malik Monk (324)...
  Uploading to S3...
  Uploading to S3...
  Updating database...
  Updating database...
  ✗ Failed: DB update failed: 400
Downloading image for Maliq Brown (1091463115)...
  ✗ Failed: DB update failed: 400
Downloading image for Malique Lewis (1091480795)...
  Updating database...
  Updating database...
  ✗ Failed: DB update failed: 400
Downloading image for Marcus Sasser (56677792)...
  ✗ Failed: DB update failed: 400
Downloading image for Marcus Smart (420)...
  Uploading to S3...
  ✗ Failed: HTTP 404
Downloading image for MarJon Beauchamp (38017676)...
  Uploading to S3...
  Uploading to S3...
  Uploading to S3...
  Updating database...
  Updating database...
  ✗ Failed: DB update failed: 400
Downloading image for Mark Williams (38017698)...
  Updating database...
  ✗ Failed: DB update failed: 400
Downloading image for Marvin Bagley III (24)...
  ✗ Failed: DB update failed: 400
Downloading image for Mason Plumlee (371)...
  Uploading to S3...
  Uploading to S3...
  Updating database...
  Uploading to S3...
  ✗ Failed: DB update failed: 400
Downloading image for Matas Buzelis (1028025177)...
  Updating database...
  Updating database...
  ✗ Failed: DB update failed: 400
Downloading image for Matisse Thybulle (666923)...
  Updating database...
  Uploading to S3...
  ✗ Failed: DB update failed: 400
Downloading image for Max Christie (38017697)...
  Uploading to S3...
  ✗ Failed: DB update failed: 400
Downloading image for Max Shulga (1057396191)...
  Uploading to S3...
  Updating database...
  Uploading to S3...
  Updating database...
  ✗ Failed: DB update failed: 400
Downloading image for Max Strus (666908)...
  Updating database...
  Updating database...
  ✗ Failed: DB update failed: 400
Downloading image for Maxime Raynaud (1057390745)...
  Uploading to S3...
  ✗ Failed: DB update failed: 400
Downloading image for Meleek Thomas (1091467074)...
  Uploading to S3...
  ✗ Failed: DB update failed: 400
Downloading image for Micah Peavy (1057390538)...
  Uploading to S3...
  Updating database...
  Uploading to S3...
  Updating database...
  ✗ Failed: DB update failed: 400
Downloading image for Micah Potter (19465584)...
  Updating database...
  ✗ Failed: DB update failed: 400
Downloading image for Michael Porter Jr. (375)...
  Updating database...
  ✗ Failed: DB update failed: 400
Downloading image for Mikal Bridges (61)...
  Uploading to S3...
  Uploading to S3...
  ✗ Failed: DB update failed: 400
Downloading image for Mike Conley (104)...
  Uploading to S3...
  Uploading to S3...
  Updating database...
  Updating database...
  Updating database...
  ✗ Failed: DB update failed: 400
Downloading image for Mikel Brown Jr. (1091339436)...
  ✗ Failed: DB update failed: 400
Downloading image for Miles Bridges (62)...
  Updating database...
  ✗ Failed: DB update failed: 400
Downloading image for Miles McBride (17896033)...
  Uploading to S3...
  Uploading to S3...
  ✗ Failed: DB update failed: 400
Downloading image for Mitchell Robinson (399)...
  Uploading to S3...
  Uploading to S3...
  Updating database...
  Updating database...
  ✗ Failed: DB update failed: 400
Downloading image for Mo Bamba (28)...
  ✗ Failed: DB update failed: 400
Downloading image for Mohamed Diawara (1057393207)...
  Updating database...
  Updating database...
  Uploading to S3...
  ✗ Failed: DB update failed: 400
Downloading image for Morez Johnson (1091341156)...
  Uploading to S3...
  ✗ Failed: DB update failed: 400
Downloading image for Moritz Wagner (462)...
  Uploading to S3...
  Uploading to S3...
  Updating database...
  Updating database...
  ✗ Failed: DB update failed: 400
Downloading image for Moses Moody (17553992)...
  ✗ Failed: DB update failed: 400
Downloading image for Mouhamadou Gueye (377705601)...
  Updating database...
  Updating database...
  Uploading to S3...
  ✗ Failed: DB update failed: 400
Downloading image for Mouhamed Gueye (56677806)...
  ✗ Failed: DB update failed: 400
Downloading image for Moussa Cisse (1057845382)...
  Uploading to S3...
  Uploading to S3...
  Updating database...
  Updating database...
  ✗ Failed: DB update failed: 400
Downloading image for Moussa Diabate (38017725)...
  Updating database...
  ✗ Failed: DB update failed: 400
Downloading image for Myles Turner (452)...
  Uploading to S3...
  ✗ Failed: DB update failed: 400
Downloading image for Myron Gardner (1057846109)...
  Uploading to S3...
  Uploading to S3...
  Updating database...
  Uploading to S3...
  ✗ Failed: DB update failed: 400
Downloading image for Nae'Qwan Tomlin (1042560902)...
  Updating database...
  Updating database...
  Uploading to S3...
  ✗ Failed: DB update failed: 400
Downloading image for Nah'Shon Hyland (17896031)...
  ✗ Failed: DB update failed: 400
Downloading image for Naji Marshall (3547293)...
  Updating database...
  Uploading to S3...
  Uploading to S3...
  Updating database...
  ✗ Failed: DB update failed: 400
Downloading image for Narcisse Ngoy (1091481434)...
  ✗ Failed: DB update failed: 400
Downloading image for Nate Ament (1091349196)...
  Updating database...
  ✗ Failed: HTTP 404
Downloading image for Nate Bittle (1092199652)...
  Updating database...
  Uploading to S3...
  ✗ Failed: DB update failed: 400
Downloading image for Naz Reid (667378)...
  ✗ Failed: DB update failed: 400
Downloading image for Neemias Queta (17553967)...
  ✗ Failed: HTTP 404
Downloading image for Nick Martinelli (1091475805)...
  Updating database...
  Uploading to S3...
  ✗ Failed: DB update failed: 400
Downloading image for Nickeil Alexander-Walker (666400)...
  Updating database...
  Uploading to S3...
  Uploading to S3...
  Uploading to S3...
  ✗ Failed: DB update failed: 400
Downloading image for Nicolas Batum (33)...
  Updating database...
  Updating database...
  Updating database...
  Uploading to S3...
  ✗ Failed: DB update failed: 400
Downloading image for Nicolas Claxton (666508)...
  ✗ Failed: DB update failed: 400
Downloading image for Nikola Jokic (246)...
  ✗ Failed: DB update failed: 400
Downloading image for Nikola Jovic (38017696)...
  Uploading to S3...
  Uploading to S3...
  Uploading to S3...
  Updating database...
  Updating database...
  Updating database...
  Updating database...
  ✗ Failed: DB update failed: 400
Downloading image for Nikola Topic (1028028932)...
  ✗ Failed: DB update failed: 400
Downloading image for Nikola Vucevic (460)...
  ✗ Failed: DB update failed: 400
Downloading image for Nique Clifford (1057276634)...
  ✗ Failed: DB update failed: 400
Downloading image for Noa Essengue (1057272081)...
  Uploading to S3...
  Uploading to S3...
  Uploading to S3...
  Updating database...
  Uploading to S3...
  Updating database...
  ✗ Failed: DB update failed: 400
Downloading image for Noah Clowney (56677843)...
  ✗ Failed: DB update failed: 400
Downloading image for Noah Penda (1057385481)...
  Uploading to S3...
  Updating database...
  Uploading to S3...
  Updating database...
  ✗ Failed: DB update failed: 400
Downloading image for Nolan Traoré (1057275262)...
  ✗ Failed: DB update failed: 400
Downloading image for Norchad Omier (1057848025)...
  Updating database...
  Uploading to S3...
  ✗ Failed: DB update failed: 400
Downloading image for Norman Powell (380)...
  ✗ Failed: HTTP 404
Downloading image for Obi Toppin (3547243)...
  Uploading to S3...
  Uploading to S3...
  Updating database...
  Updating database...
  ✗ Failed: DB update failed: 400
Downloading image for OG Anunoby (18)...
  ✗ Failed: DB update failed: 400
Downloading image for Olivier Sarr (24572055)...
  Updating database...
  Updating database...
  Uploading to S3...
  Uploading to S3...
  ✗ Failed: DB update failed: 400
Downloading image for Olivier-Maxence Prosper (56677859)...
  ✗ Failed: DB update failed: 400
Downloading image for Onyeka Okongwu (3547244)...
  Updating database...
  Uploading to S3...
  Updating database...
  Uploading to S3...
  ✗ Failed: DB update failed: 400
Downloading image for Oscar Tshiebwe (56677778)...
  ✗ Failed: DB update failed: 400
Downloading image for Oso Ighodaro (1028036515)...
  Updating database...
  Uploading to S3...
  Uploading to S3...
  Updating database...
  ✗ Failed: DB update failed: 400
Downloading image for Otega Oweh (1091466034)...
  Uploading to S3...
  Updating database...
  ✗ Failed: DB update failed: 400
Downloading image for Ousmane Dieng (38017716)...
  ✗ Failed: DB update failed: 400
Downloading image for P.J. Washington (666950)...
  Updating database...
  Updating database...
  Uploading to S3...
  Uploading to S3...
  ✗ Failed: DB update failed: 400
Downloading image for Pacome Dadiet (1028025498)...
  ✗ Failed: DB update failed: 400
Downloading image for Paolo Banchero (38017683)...
  Uploading to S3...
  Updating database...
  Updating database...
  Uploading to S3...
  ✗ Failed: DB update failed: 400
Downloading image for Pascal Siakam (416)...
  ✗ Failed: DB update failed: 400
Downloading image for Pat Connaughton (105)...
  Updating database...
  Uploading to S3...
  ✗ Failed: DB update failed: 400
Downloading image for Pat Spencer (795959473)...
  Uploading to S3...
  Updating database...
  Uploading to S3...
  ✗ Failed: DB update failed: 400
Downloading image for Patrick Baldwin Jr. (38017704)...
  Updating database...
  Updating database...
  ✗ Failed: DB update failed: 400
Downloading image for Patrick Williams (3547248)...
  Updating database...
  ✗ Failed: DB update failed: 400
Downloading image for Paul George (172)...
  Uploading to S3...
  Uploading to S3...
  ✗ Failed: DB update failed: 400
Downloading image for Paul Reed (3547270)...
  Uploading to S3...
  Uploading to S3...
  Updating database...
  Updating database...
  Updating database...
  Updating database...
  ✗ Failed: DB update failed: 400
Downloading image for Payton Pritchard (3547276)...
  ✗ Failed: DB update failed: 400
Downloading image for Pelle Larsson (1028036986)...
  ✗ Failed: DB update failed: 400
Downloading image for Pete Nance (64270026)...
  Uploading to S3...
  Uploading to S3...
  ✗ Failed: DB update failed: 400
Downloading image for Peyton Watson (38017721)...
  Updating database...
  Uploading to S3...
  Uploading to S3...
  ✗ Failed: DB update failed: 400
Downloading image for PJ Hall (1028244692)...
  Updating database...
  ✗ Failed: DB update failed: 400
Downloading image for Precious Achiuwa (3547249)...
  Updating database...
  Uploading to S3...
  Uploading to S3...
  ✗ Failed: DB update failed: 400
Downloading image for Quadir Copeland (1092195008)...
  Updating database...
  Updating database...
  ✗ Failed: DB update failed: 400
Downloading image for Quentin Grimes (17895858)...
  ✗ Failed: HTTP 404
Downloading image for Quenton Jackson (44477085)...
  Uploading to S3...
  ✗ Failed: DB update failed: 400
Downloading image for Quinten Post (1028047928)...
  Updating database...
  Uploading to S3...
  Uploading to S3...
  ✗ Failed: DB update failed: 400
Downloading image for Rasheer Fleming (1057383369)...
  Updating database...
  ✗ Failed: DB update failed: 400
Downloading image for Rayan Rupert (56677829)...
  Uploading to S3...
  Uploading to S3...
  Updating database...
  Updating database...
  ✗ Failed: DB update failed: 400
Downloading image for RayJ Dennis (1028274126)...
  Updating database...
  ✗ Failed: DB update failed: 400
Downloading image for Reed Sheppard (1028028519)...
  Uploading to S3...
  ✗ Failed: DB update failed: 400
Downloading image for Riley Minix (1028245994)...
  Uploading to S3...
  Uploading to S3...
  Updating database...
  Updating database...
  ✗ Failed: DB update failed: 400
Downloading image for RJ Barrett (666423)...
  Updating database...
  Updating database...
  ✗ Failed: DB update failed: 400
Downloading image for Rob Dillingham (1028025639)...
  ✗ Failed: DB update failed: 400
Downloading image for Robert Williams III (476)...
  ✗ Failed: DB update failed: 400
Downloading image for Rocco Zikarsky (1057397172)...
  Uploading to S3...
  Uploading to S3...
  Uploading to S3...
  Uploading to S3...
  Updating database...
  Updating database...
  ✗ Failed: DB update failed: 400
Downloading image for Ron Harper Jr. (38017717)...
  Updating database...
  ✗ Failed: DB update failed: 400
Downloading image for Ronald Holland II (1028026508)...
  Updating database...
  Uploading to S3...
  ✗ Failed: DB update failed: 400
Downloading image for Royce O'Neale (351)...
  Uploading to S3...
  ✗ Failed: DB update failed: 400
Downloading image for Rudy Gobert (176)...
  Updating database...
  Uploading to S3...
  Uploading to S3...
  Updating database...
  ✗ Failed: DB update failed: 400
Downloading image for Rui Hachimura (666609)...
  ✗ Failed: DB update failed: 400
Downloading image for Russell Westbrook (472)...
  Updating database...
  Uploading to S3...
  Uploading to S3...
  Updating database...
  ✗ Failed: DB update failed: 400
Downloading image for Ryan Conwell (1091463429)...
  ✗ Failed: DB update failed: 400
Downloading image for Ryan Dunn (1028025723)...
  Updating database...
  Uploading to S3...
  Updating database...
  ✗ Failed: DB update failed: 400
Downloading image for Ryan Kalkbrenner (1057384362)...
  Uploading to S3...
  ✗ Failed: DB update failed: 400
Downloading image for Ryan Nembhard (1057847894)...
  Updating database...
  Uploading to S3...
  ✗ Failed: DB update failed: 400
Downloading image for Ryan Rollins (38017712)...
  Updating database...
  Uploading to S3...
  ✗ Failed: DB update failed: 400
Downloading image for Saddiq Bey (3547256)...
  Updating database...
  Uploading to S3...
  Updating database...
  ✗ Failed: DB update failed: 400
Downloading image for Sam Hauser (17896060)...
  Uploading to S3...
  ✗ Failed: DB update failed: 400
Downloading image for Sam Merrill (3547299)...
  Updating database...
  Uploading to S3...
  ✗ Failed: DB update failed: 400
Downloading image for Sandro Mamukelashvili (17896059)...
  Updating database...
  Uploading to S3...
  Uploading to S3...
  ✗ Failed: DB update failed: 400
Downloading image for Santi Aldama (17896067)...
  Updating database...
  Updating database...
  Updating database...
  ✗ Failed: DB update failed: 400
Downloading image for Scoot Henderson (56677747)...
  Uploading to S3...
  Uploading to S3...
  ✗ Failed: DB update failed: 400
Downloading image for Scottie Barnes (17896055)...
  ✗ Failed: DB update failed: 400
Downloading image for Scotty Pippen Jr. (38017656)...
  Uploading to S3...
  Uploading to S3...
  Updating database...
  Updating database...
  ✗ Failed: DB update failed: 400
Downloading image for Sean Pedulla (1058921044)...
  Updating database...
  Updating database...
  ✗ Failed: DB update failed: 400
Downloading image for Sergio De Larrea (1091350193)...
  ✗ Failed: HTTP 404
Downloading image for Seth Curry (114)...
  ✗ Failed: DB update failed: 400
Downloading image for Shaedon Sharpe (38017690)...
  ✗ Failed: DB update failed: 400
Downloading image for Shai Gilgeous-Alexander (175)...
  ✗ Failed: HTTP 404
Downloading image for Sharife Cooper (17896029)...
  Uploading to S3...
  Uploading to S3...
  Uploading to S3...
  Uploading to S3...
  Updating database...
  Updating database...
  Updating database...
  ✗ Failed: DB update failed: 400
Downloading image for Sidy Cissoko (56677817)...
  Updating database...
  Uploading to S3...
  ✗ Failed: DB update failed: 400
Downloading image for Simone Fontecchio (38017739)...
  ✗ Failed: DB update failed: 400
Downloading image for Sion James (1057384156)...
  Uploading to S3...
  ✗ Failed: DB update failed: 400
Downloading image for Spencer Jones (1028255289)...
  Uploading to S3...
  Updating database...
  Uploading to S3...
  ✗ Failed: DB update failed: 400
Downloading image for Stephen Curry (115)...
  Updating database...
  Updating database...
  Uploading to S3...
  ✗ Failed: DB update failed: 400
Downloading image for Stephon Castle (1028025261)...
  Updating database...
  ✗ Failed: DB update failed: 400
Downloading image for Steven Adams (3)...
  Uploading to S3...
  ✗ Failed: DB update failed: 400
Downloading image for Svi Mykhailiuk (338)...
  Updating database...
  Updating database...
  Uploading to S3...
  ✗ Failed: DB update failed: 400
Downloading image for T.J. McConnell (304)...
  Uploading to S3...
  ✗ Failed: DB update failed: 400
Downloading image for Taj Gibson (173)...
  Updating database...
  Uploading to S3...
  Updating database...
  ✗ Failed: DB update failed: 400
Downloading image for Tamar Bates (1057844839)...
  ✗ Failed: DB update failed: 400
Downloading image for Tari Eason (38017695)...
  Updating database...
  Uploading to S3...
  Uploading to S3...
  ✗ Failed: DB update failed: 400
Downloading image for Tarik Biberovic (1092199635)...
  Uploading to S3...
  Uploading to S3...
  Updating database...
  Updating database...
  Updating database...
  ✗ Failed: DB update failed: 400
Downloading image for Tarris Reed Jr. (1091363216)...
  ✗ Failed: DB update failed: 400
Downloading image for Taurean Prince (383)...
  Updating database...
  ✗ Failed: DB update failed: 400
Downloading image for Taylor Hendricks (56677824)...
  Uploading to S3...
  ✗ Failed: DB update failed: 400
Downloading image for Terance Mann (666743)...
  Uploading to S3...
  Uploading to S3...
  Uploading to S3...
  Updating database...
  Updating database...
  ✗ Failed: DB update failed: 400
Downloading image for Terrence Shannon Jr. (1028028501)...
  Updating database...
  Updating database...
  Uploading to S3...
  ✗ Failed: DB update failed: 400
Downloading image for Thanasis Antetokounmpo (2148)...
  ✗ Failed: DB update failed: 400
Downloading image for Thomas Bryant (74)...
  ✗ Failed: DB update failed: 400
Downloading image for Tidjane Salaun (1028028379)...
  Uploading to S3...
  Uploading to S3...
  Updating database...
  Uploading to S3...
  ✗ Failed: DB update failed: 400
Downloading image for Tim Hardaway Jr. (191)...
  Uploading to S3...
  Updating database...
  Updating database...
  ✗ Failed: DB update failed: 400
Downloading image for Tobe Awaka (1091903404)...
  ✗ Failed: DB update failed: 400
Downloading image for Tobi Lawal (1091465199)...
  Updating database...
  Updating database...
  ✗ Failed: HTTP 404
Downloading image for Tobias Harris (200)...
  Uploading to S3...
  ✗ Failed: DB update failed: 400
Downloading image for Tolu Smith (1028267166)...
  ✗ Failed: DB update failed: 400
Downloading image for Tony Bradley (60)...
  Uploading to S3...
  Uploading to S3...
  Uploading to S3...
  Updating database...
  Updating database...
  Updating database...
  Updating database...
  ✗ Failed: DB update failed: 400
Downloading image for Toumani Camara (56677850)...
  Uploading to S3...
  ✗ Failed: DB update failed: 400
Downloading image for Trae Young (490)...
  ✗ Failed: DB update failed: 400
Downloading image for Trayce Jackson-Davis (56677799)...
  ✗ Failed: DB update failed: 400
Downloading image for Tre Donaldson (1091904403)...
  Uploading to S3...
  Uploading to S3...
  ✗ Failed: HTTP 404
Downloading image for Tre Johnson (1057262985)...
  Updating database...
  ✗ Failed: DB update failed: 400
Downloading image for Tre Jones (3547274)...
  Uploading to S3...
  Updating database...
  Updating database...
  Uploading to S3...
  ✗ Failed: DB update failed: 400
Downloading image for Tre Mann (17896036)...
  ✗ Failed: DB update failed: 400
Downloading image for Trendon Watford (17896058)...
  Uploading to S3...
  Updating database...
  Uploading to S3...
  Updating database...
  ✗ Failed: DB update failed: 400
Downloading image for Trevon Brazile (1091463040)...
  Updating database...
  ✗ Failed: DB update failed: 400
Downloading image for Trevor Keels (38017720)...
  Updating database...
  Uploading to S3...
  ✗ Failed: DB update failed: 400
Downloading image for Trey Alexander (1028203085)...
  ✗ Failed: DB update failed: 400
Downloading image for Trey Jemison (64269023)...
  Uploading to S3...
  Uploading to S3...
  Updating database...
  Uploading to S3...
  Updating database...
  ✗ Failed: DB update failed: 400
Downloading image for Trey Kaufman-Renn (1091480528)...
  Updating database...
  ✗ Failed: DB update failed: 400
Downloading image for Trey Lyles (290)...
  ✗ Failed: DB update failed: 400
Downloading image for Trey Murphy III (18677986)...
  Uploading to S3...
  Updating database...
  ✗ Failed: DB update failed: 400
Downloading image for Tristan Da Silva (1028025497)...
  Uploading to S3...
  Uploading to S3...
  Updating database...
  Uploading to S3...
  ✗ Failed: DB update failed: 400
Downloading image for Tristan Enaruna (1028244219)...
  Updating database...
  Uploading to S3...
  Updating database...
  ✗ Failed: DB update failed: 400
Downloading image for Tristan Vukcevic (1016384149)...
  ✗ Failed: DB update failed: 400
Downloading image for Tristen Newton (1028047609)...
  Updating database...
  ✗ Failed: DB update failed: 400
Downloading image for Ty Jerome (666676)...
  Uploading to S3...
  Uploading to S3...
  Uploading to S3...
  Updating database...
  Updating database...
  ✗ Failed: DB update failed: 400
Downloading image for Tyler Bilodeau (1091462892)...
  ✗ Failed: DB update failed: 400
Downloading image for Tyler Herro (666633)...
  Updating database...
  Uploading to S3...
  Uploading to S3...
  ✗ Failed: DB update failed: 400
Downloading image for Tyler Kolek (1028036898)...
  Updating database...
  Uploading to S3...
  Updating database...
  ✗ Failed: DB update failed: 400
Downloading image for Tyler Nickel (1091465898)...
  ✗ Failed: DB update failed: 400
Downloading image for Tyrese Martin (38017722)...
  Updating database...
  Uploading to S3...
  Uploading to S3...
  ✗ Failed: DB update failed: 400
Downloading image for Tyrese Maxey (3547254)...
  Uploading to S3...
  Updating database...
  Updating database...
  ✗ Failed: DB update failed: 400
Downloading image for Tyrese Proctor (1057395754)...
  Updating database...
  ✗ Failed: DB update failed: 400
Downloading image for Tyson Etienne (1043947937)...
  ✗ Failed: DB update failed: 400
Downloading image for TyTy Washington Jr. (38017691)...
  Uploading to S3...
  Uploading to S3...
  Uploading to S3...
  Updating database...
  Updating database...
  Updating database...
  ✗ Failed: DB update failed: 400
Downloading image for Tyus Jones (249)...
  Updating database...
  ✗ Failed: DB update failed: 400
Downloading image for Ugonna Onyenso (1091476372)...
  ✗ Failed: DB update failed: 400
Downloading image for Victor Wembanyama (56677822)...
  Uploading to S3...
  ✗ Failed: DB update failed: 400
Downloading image for Vit Krejci (4197387)...
  Uploading to S3...
  Uploading to S3...
  Uploading to S3...
  Updating database...
  Updating database...
  Updating database...
  ✗ Failed: DB update failed: 400
Downloading image for VJ Edgecombe (1057261935)...
  Uploading to S3...
  ✗ Failed: DB update failed: 400
Downloading image for Vladislav Goldin (1057846206)...
  ✗ Failed: DB update failed: 400
Downloading image for Vsevolod Ishchenko (1091480242)...
  Updating database...
  ✗ Failed: HTTP 404
Downloading image for Walker Kessler (38017705)...
  Uploading to S3...
  Uploading to S3...
  Updating database...
  ✗ Failed: DB update failed: 400
Downloading image for Walter Clayton Jr. (1057271583)...
  ✗ Failed: DB update failed: 400
Downloading image for Wendell Carter Jr. (85)...
  Uploading to S3...
  Uploading to S3...
  Updating database...
  Updating database...
  ✗ Failed: DB update failed: 400
Downloading image for Wendell Moore Jr. (38017700)...
  ✗ Failed: DB update failed: 400
Downloading image for Will Richard (1057395872)...
  Uploading to S3...
  Updating database...
  Uploading to S3...
  ✗ Failed: DB update failed: 400
Downloading image for Will Riley (1057279594)...
  Uploading to S3...
  Updating database...
  Updating database...
  ✗ Failed: DB update failed: 400
Downloading image for Xavier Tillman (3547285)...
  ✗ Failed: DB update failed: 400
Downloading image for Yanic Konan Niederhauser (1057279105)...
  Updating database...
  Updating database...
  Uploading to S3...
  ✗ Failed: DB update failed: 400
Downloading image for Yaxel Lendeborg (1091351802)...
  Uploading to S3...
  Uploading to S3...
  ✗ Failed: DB update failed: 400
Downloading image for Yves Missi (1028027567)...
  Uploading to S3...
  Updating database...
  Updating database...
  Updating database...
  ✗ Failed: DB update failed: 400
Downloading image for Zaccharie Risacher (1028028244)...
  Updating database...
  Uploading to S3...
  ✗ Failed: DB update failed: 400
Downloading image for Zach Collins (102)...
  ✗ Failed: DB update failed: 400
Downloading image for Zach Edey (1028025754)...
  Uploading to S3...
  ✗ Failed: DB update failed: 400
Downloading image for Zach LaVine (268)...
  Uploading to S3...
  Uploading to S3...
  Updating database...
  Updating database...
  Updating database...
  ✗ Failed: DB update failed: 400
Downloading image for Zeke Nnaji (3547268)...
  ✗ Failed: DB update failed: 400
Downloading image for Ziaire Williams (17896027)...
  ✗ Failed: DB update failed: 400
Downloading image for Zion Williamson (666969)...
  Updating database...
  Uploading to S3...
  ✗ Failed: DB update failed: 400
Downloading image for Zuby Ejiofor (1091350401)...
  Uploading to S3...
  Uploading to S3...
  Uploading to S3...
  Updating database...
  Updating database...
  Updating database...
  Updating database...
  ✗ Failed: DB update failed: 400
Downloading image for Zyon Pullin (1028112004)...
  ✗ Failed: DB update failed: 400
  ✗ Failed: DB update failed: 400
  ✗ Failed: DB update failed: 400
  Uploading to S3...
  Updating database...
  ✗ Failed: DB update failed: 400

=== Summary ===
Downloaded: 538/575
Updated DB: 0/575

575 failures:
  177 (Aaron Gordon): Upload failed: 400 {"statusCode":"409","error":"Duplicate","message":"The resource already exists"}
  213 (Aaron Holiday): Upload failed: 400 {"statusCode":"409","error":"Duplicate","message":"The resource already exists"}
  38017733 (A.J. Green): Upload failed: 400 {"statusCode":"409","error":"Duplicate","message":"The resource already exists"}
  436846673 (Adam Flagler): Upload failed: 400 {"statusCode":"409","error":"Duplicate","message":"The resource already exists"}
  17896078 (Aaron Wiggins): Upload failed: 400 {"statusCode":"409","error":"Duplicate","message":"The resource already exists"}
  1091351965 (Aday Mara): Upload failed: 400 {"statusCode":"409","error":"Duplicate","message":"The resource already exists"}
  3547250 (Aaron Nesmith): Upload failed: 400 {"statusCode":"409","error":"Duplicate","message":"The resource already exists"}
  1028034846 (Adem Bona): Upload failed: 400 {"statusCode":"409","error":"Duplicate","message":"The resource already exists"}
  1057260888 (Airious Bailey): Upload failed: 400 {"statusCode":"409","error":"Duplicate","message":"The resource already exists"}
  1091340077 (AJ Dybantsa): Upload failed: 400 {"statusCode":"409","error":"Duplicate","message":"The resource already exists"}
  ... and 565 more
 ELIFECYCLE  Command failed with exit code 1.
 WARN   Local package.json exists, but node_modules missing, did you mean to install?
